Símbolo         Valor Decimal   Valor Hexadecimal
-------         -------------   -----------------
STACK                   32512                7F00
IVET                    65470                FFBE
TIMDT                   65495                FFD7
INTS                    65496                FFD8
INTE                    65497                FFD9
TECST                   65498                FFDA
TECDT                   65499                FFDB
VISOR                   65500                FFDC
ROBO1                   32768                8000
XROBO1                  32770                8002
YROBO1                  32772                8004
VXROBO1                 32774                8006
VYROBO1                 32776                8008
NOMEROBO1               32778                800A
ROBO2                   32783                800F
XROBO2                  32785                8011
YROBO2                  32787                8013
VXROBO2                 32789                8015
VYROBO2                 32791                8017
NOMEROBO2               32793                8019
ROBO3                   32798                801E
XROBO3                  32800                8020
YROBO3                  32802                8022
VXROBO3                 32804                8024
VYROBO3                 32806                8026
NOMEROBO3               32808                8028
ROBO4                   32813                802D
XROBO4                  32815                802F
YROBO4                  32817                8031
VXROBO4                 32819                8033
VYROBO4                 32821                8035
NOMEROBO4               32823                8037
STRINGROBOX             32828                803C
STRINGROBOY             32832                8040
STRINGROBOVX            32836                8044
STRINGROBOVY            32838                8046
ROBOFOCO                32840                8048
ROBOSPARADOS            32842                804A
FRASENOMEROBO1          32855                8057
FRASENOMEROBO2          32871                8067
FRASENOMEROBO3          32887                8077
FRASENOMEROBO4          32903                8087
DECIMOS                 32919                8097
UMSEGUNDO               32921                8099
DOISDECIMOS             32923                809B
DOISSEGUNDO             32925                809D
NAOHAROBOSLIVRES        32927                809F
TECLA                   32946                80B2
TECLAPRESSIONADA        32948                80B4
CONTADORLETRAS          32950                80B6
LOOPMAIN                   58                  3A
FUNCAODESLOCAMENTO         85                  55
ROBOIGNORADOMAIORX1       115                  73
ROBOIGNORADOMENORX1       123                  7B
ROBOIGNORADOMAIORY1       137                  89
ROBOIGNORADOMENORY1       145                  91
ROBODESATIVADO1           145                  91
NAOPASSOUSEGUNDO          145                  91
IMPUTTECLADO              146                  92
SEMIMPUT1                 176                  B0
SEMIMPUT2                 206                  CE
SEMIMPUT3                 236                  EC
SEMIMPUT4                 266                 10A
IMPUTWASD                 267                 10B
CONTINUAW                 281                 119
VELOCIDADEMAXIMAVY        297                 129
SEMIMPUTW                 297                 129
CONTINUAA                 311                 137
VELOCIDADEMINIMAVX        321                 141
SEMIMPUTA                 321                 141
CONTINUAS                 335                 14F
VELOCIDADEMINIMAVY        349                 15D
SEMIMPUTS                 349                 15D
CONTINUAD                 363                 16B
VELOCIDADEMAXIMAVX        373                 175
SEMIMPUTD                 373                 175
IMPUTRZ                   374                 176
CONTINUAR                 388                 184
PROXIMOROBO1R             414                 19E
PROXIMOROBO2R             428                 1AC
PROXIMOROBO3R             442                 1BA
FIMR                      456                 1C8
SEMIMPUTR                 460                 1CC
CONTINUAZ                 474                 1DA
SEMIMPUTZ                 484                 1E4
INFOROBOS                 485                 1E5
NAOFOCOROBO1              503                 1F7
NAOFOCOROBO2              521                 209
NAOFOCOROBO3              539                 21B
NAOFOCOROBO4              557                 22D
ESCREVEVISORROBO1         558                 22E
ESCREVEVISORROBO2         771                 303
ESCREVEVISORROBO3         936                 3A8
ESCREVEVISORROBO4        1101                 44D
ROBOFOCADO               1266                 4F2
SEMNUMERO1               1290                 50A
SEMNUMERO2               1314                 522
SEMNUMERO3               1338                 53A
SEMNUMERO4               1362                 552
DIGITACAONOMEROBO        1363                 553
CONTINUAN                1379                 563
PROXIMOROBO2             1407                 57F
PROXIMOROBO3             1429                 595
PROXIMOROBO4             1451                 5AB
NENHUMROBOLIGADO         1473                 5C1
LOOPDOISSEGUNDOS         1499                 5DB
PULADIGITACAONOMEROBOXX     1511                 5E7
TESTAROBOSDESATIVADOS     1512                 5E8
FIMFUNCAOROBODESATIVADO     1552                 610
ROTINAINTERRUPCAO        1553                 611
TESTATIMER               1575                 627
FIMROTINAINTERRUPCAO     1589                 635
ROTINATRATAMENTOTECLADO     1602                 642
ROTINATRATAMENTOTIMER     1617                 651
ROTINATRATAMENTOTIMERFIM     1641                 669
INT2STR                  1642                 66A
EHPOSITIVO               1672                 688
TAB10                    1685                 695
UINT2STR                 1693                 69D
LOOP                     1711                 6AF
LOOPINTERNO              1715                 6B3
EHMENOR                  1727                 6BF
ESCREVEVISOR            64290                FB22
__S501                  64290                FB22
__S502                  64315                FB3B
__S503                  64332                FB4C
__S504                  64338                FB52
LIMPAVISOR              64080                FA50
